../Core/Src/main.c:81:5:main	8	static
../Core/Src/main.c:131:6:SystemClock_Config	88	static
../Core/Src/main.c:172:13:MX_USART2_UART_Init	8	static
../Core/Src/main.c:220:13:MX_GPIO_Init	56	static
../Core/Src/main.c:269:7:stateHandler	16	static
../Core/Src/main.c:311:7:buttonListener	8	static
../Core/Src/main.c:317:7:brakeLightControl	8	static
../Core/Src/main.c:324:7:steeringControl	8	static
../Core/Src/main.c:330:7:assiControl	8	static
../Core/Src/main.c:336:7:displayControl	8	static
../Core/Src/main.c:348:6:Error_Handler	8	static,ignoring_inline_asm
