../Core/Src/main.c:99:5:main	8	static
../Core/Src/main.c:155:6:SystemClock_Config	88	static
../Core/Src/main.c:196:13:MX_ADC1_Init	24	static
../Core/Src/main.c:255:13:MX_TIM1_Init	40	static
../Core/Src/main.c:302:13:MX_USART2_UART_Init	8	static
../Core/Src/main.c:350:13:MX_GPIO_Init	56	static
../Core/Src/main.c:411:7:stateHandler	16	static
../Core/Src/main.c:449:7:buttonListener	8	static
../Core/Src/main.c:475:7:brakeLightControl	8	static
../Core/Src/main.c:482:7:steeringControl	8	static
../Core/Src/main.c:488:7:assiControl	8	static
../Core/Src/main.c:494:7:displayControl	8	static
../Core/Src/main.c:503:7:initDisplay	8	static
../Core/Src/main.c:508:7:lcdStartAnimation	8	static
../Core/Src/main.c:535:6:myMap	24	static
../Core/Src/main.c:540:6:getAdcFromPot	16	static
../Core/Src/main.c:555:6:Error_Handler	8	static,ignoring_inline_asm
