../Core/Src/ST7920LCD.c:27:6:SendByteSPI	24	static
../Core/Src/ST7920LCD.c:40:6:ST7920_SendCmd	16	static
../Core/Src/ST7920LCD.c:52:6:ST7920_SendData	16	static
../Core/Src/ST7920LCD.c:63:6:ST7920_SendString	24	static
../Core/Src/ST7920LCD.c:93:6:ST7920_GraphicMode	16	static
../Core/Src/ST7920LCD.c:114:6:ST7920_DrawBitmap	32	static
../Core/Src/ST7920LCD.c:144:6:ST7920_Update	8	static
../Core/Src/ST7920LCD.c:149:6:ST7920_Clear	16	static
../Core/Src/ST7920LCD.c:181:6:ST7920_Init	8	static
../Core/Src/ST7920LCD.c:217:6:delay_init	8	static
../Core/Src/ST7920LCD.c:222:6:delay_us	16	static
../Core/Src/ST7920LCD.c:228:6:delay_ms	16	static
../Core/Src/ST7920LCD.c:256:6:DrawLeftBitmapsInLoop	16	static
../Core/Src/ST7920LCD.c:271:6:DrawRightAnimationsInLoop	16	static
../Core/Src/ST7920LCD.c:287:6:stateOne	8	static
../Core/Src/ST7920LCD.c:297:6:stateTwo	8	static
../Core/Src/ST7920LCD.c:308:6:stateThree	8	static
../Core/Src/ST7920LCD.c:319:6:stateFour	8	static
