../Core/Src/ST7920LCD.c:28:6:delay_init	8	static
../Core/Src/ST7920LCD.c:33:6:delay_us	16	static
../Core/Src/ST7920LCD.c:39:6:delay_ms	16	static
../Core/Src/ST7920LCD.c:45:6:SendByteSPI	24	static
../Core/Src/ST7920LCD.c:58:6:ST7920_SendCmd	16	static
../Core/Src/ST7920LCD.c:70:6:ST7920_SendData	16	static
../Core/Src/ST7920LCD.c:81:6:ST7920_SendString	24	static
../Core/Src/ST7920LCD.c:111:6:ST7920_GraphicMode	16	static
../Core/Src/ST7920LCD.c:132:6:ST7920_DrawBitmap	32	static
../Core/Src/ST7920LCD.c:162:6:ST7920_Update	8	static
../Core/Src/ST7920LCD.c:167:6:ST7920_Clear	16	static
../Core/Src/ST7920LCD.c:199:6:ST7920_Init	8	static
../Core/Src/ST7920LCD.c:233:6:SetPixel	24	static
../Core/Src/ST7920LCD.c:253:6:DrawLine	48	static
../Core/Src/ST7920LCD.c:284:6:DrawRectangle	24	static
../Core/Src/ST7920LCD.c:315:6:DrawFilledRectangle	32	static
../Core/Src/ST7920LCD.c:347:6:DrawCircle	48	static
../Core/Src/ST7920LCD.c:384:6:DrawFilledCircle	48	static
../Core/Src/ST7920LCD.c:417:6:DrawTriangle	24	static
../Core/Src/ST7920LCD.c:426:6:DrawFilledTriangle	64	static
